// Jest Snapshot v1, https://jestjs.io/docs/snapshot-testing

exports[`PostForm - Test suit using Jest matches snapshot 1`] = `
<DocumentFragment>
  <div
    class="bg-white rounded-lg shadow-sm p-6 border"
  >
    <h2
      class="text-xl font-semibold text-gray-800 mb-4"
    >
      Create New Post
    </h2>
    <form
      class="space-y-4"
    >
      <div>
        <label
          class="block text-sm font-medium text-gray-700 mb-1"
          for="title"
        >
          Title
        </label>
        <input
          class="w-full border border-gray-300 rounded-lg px-3 text-black py-2 focus:outline-none focus:ring-2 focus:ring-blue-500 focus:border-blue-500"
          id="title"
          maxlength="100"
          placeholder="Enter post title..."
          type="text"
          value=""
        />
        <div
          class="text-right text-xs text-gray-500 mt-1"
        >
          0/100
        </div>
      </div>
      <div>
        <label
          class="block text-sm font-medium text-gray-700 mb-1"
          for="content"
        >
          Content
        </label>
        <textarea
          class="w-full border border-gray-300 rounded-lg px-3 py-2 text-black focus:outline-none focus:ring-2 focus:ring-blue-500 focus:border-blue-500 resize-vertical"
          id="content"
          maxlength="1000"
          placeholder="Write your post content here..."
          rows="4"
        />
        <div
          class="text-right text-xs text-gray-500 mt-1"
        >
          0/1000
        </div>
      </div>
      <div
        class="flex justify-end"
      >
        <button
          class="px-6 py-2 bg-blue-600 text-white rounded-lg hover:bg-blue-700 focus:outline-none focus:ring-2 focus:ring-blue-500 disabled:bg-blue-300 disabled:cursor-not-allowed transition-colors"
          disabled=""
          type="submit"
        >
          Publish Post
        </button>
      </div>
    </form>
  </div>
</DocumentFragment>
`;
